START M3b seeds=[60, 61, 62, 63, 64] space=k3_w12-16 learner=PARAMS16(N=4000,tournament,specify=True) kw={'iterations': 30, 'train_trials': 3000, 'n_pairs': 4, 'gen_every': 3, 'children_per_task': 2, 'max_tasks': 8, 'transfer_every': 5, 'mc_lo': 0.6, 'mc_hi': 0.95, 'solved_at': 0.95} workers=5
  seed 61 poet it 1/30 tasks 4 archive 4 annecs 0 acc 0.79 23s
  seed 60 poet it 1/30 tasks 4 archive 4 annecs 0 acc 0.79 25s
  seed 62 poet it 1/30 tasks 4 archive 4 annecs 0 acc 0.67 25s
  seed 64 poet it 1/30 tasks 4 archive 4 annecs 0 acc 0.80 28s
  seed 63 poet it 1/30 tasks 4 archive 4 annecs 0 acc 0.76 30s
  seed 61 poet it 2/30 tasks 4 archive 4 annecs 1 acc 0.93 91s
  seed 60 poet it 2/30 tasks 4 archive 4 annecs 1 acc 0.88 95s
  seed 62 poet it 2/30 tasks 4 archive 4 annecs 0 acc 0.80 97s
  seed 64 poet it 2/30 tasks 4 archive 4 annecs 2 acc 0.89 103s
  seed 63 poet it 2/30 tasks 4 archive 4 annecs 2 acc 0.83 105s
  seed 61 poet it 3/30 tasks 6 archive 6 annecs 3 acc 0.91 161s
  seed 60 poet it 3/30 tasks 4 archive 4 annecs 3 acc 0.96 167s
  seed 62 poet it 3/30 tasks 4 archive 4 annecs 0 acc 0.89 176s
  seed 64 poet it 3/30 tasks 8 archive 9 annecs 3 acc 0.78 178s
  seed 63 poet it 3/30 tasks 6 archive 6 annecs 2 acc 0.84 181s
  seed 60 poet it 4/30 tasks 4 archive 4 annecs 4 acc 0.98 234s
  seed 62 poet it 4/30 tasks 4 archive 4 annecs 2 acc 0.94 253s
  seed 61 poet it 4/30 tasks 6 archive 6 annecs 6 acc 0.97 264s
  seed 60 poet it 5/30 tasks 4 archive 4 annecs 4 acc 1.00 299s
  seed 63 poet it 4/30 tasks 6 archive 6 annecs 3 acc 0.93 303s
  seed 62 poet it 5/30 tasks 4 archive 4 annecs 4 acc 0.98 329s
  seed 64 poet it 4/30 tasks 8 archive 9 annecs 4 acc 0.90 345s
  seed 60 poet it 6/30 tasks 5 archive 5 annecs 4 acc 0.95 359s
  seed 61 poet it 5/30 tasks 6 archive 6 annecs 6 acc 0.99 362s
  seed 62 poet it 6/30 tasks 5 archive 5 annecs 4 acc 0.89 396s
  seed 63 poet it 5/30 tasks 6 archive 6 annecs 4 acc 0.95 417s
  seed 60 poet it 7/30 tasks 5 archive 5 annecs 5 acc 1.00 431s
  seed 61 poet it 6/30 tasks 8 archive 8 annecs 6 acc 0.94 449s
  seed 62 poet it 7/30 tasks 5 archive 5 annecs 4 acc 0.94 470s
  seed 60 poet it 8/30 tasks 5 archive 5 annecs 5 acc 1.00 501s
  seed 64 poet it 5/30 tasks 8 archive 9 annecs 6 acc 0.92 505s
  seed 63 poet it 6/30 tasks 8 archive 11 annecs 5 acc 0.78 528s
  seed 62 poet it 8/30 tasks 5 archive 5 annecs 4 acc 0.95 551s
  seed 61 poet it 7/30 tasks 8 archive 8 annecs 8 acc 0.99 565s
  seed 60 poet it 9/30 tasks 8 archive 8 annecs 5 acc 0.79 571s
  seed 62 poet it 9/30 tasks 7 archive 7 annecs 4 acc 0.86 634s
  seed 64 poet it 6/30 tasks 8 archive 13 annecs 6 acc 0.79 659s
  seed 61 poet it 8/30 tasks 8 archive 8 annecs 8 acc 1.00 678s
  seed 63 poet it 7/30 tasks 8 archive 11 annecs 7 acc 0.92 691s
  seed 60 poet it 10/30 tasks 8 archive 8 annecs 8 acc 0.99 691s
  seed 62 poet it 10/30 tasks 7 archive 7 annecs 4 acc 0.91 745s
  seed 61 poet it 9/30 tasks 8 archive 12 annecs 8 acc 0.84 790s
  seed 60 poet it 11/30 tasks 8 archive 8 annecs 8 acc 1.00 808s
  seed 64 poet it 7/30 tasks 8 archive 13 annecs 8 acc 0.93 823s
  seed 63 poet it 8/30 tasks 8 archive 11 annecs 8 acc 0.96 849s
  seed 62 poet it 11/30 tasks 7 archive 7 annecs 5 acc 0.96 865s
  seed 61 poet it 10/30 tasks 8 archive 12 annecs 11 acc 0.98 919s
  seed 60 poet it 12/30 tasks 8 archive 11 annecs 8 acc 0.85 921s
  seed 64 poet it 8/30 tasks 8 archive 13 annecs 10 acc 0.96 979s
  seed 62 poet it 12/30 tasks 8 archive 10 annecs 6 acc 0.85 986s
  seed 63 poet it 9/30 tasks 8 archive 14 annecs 10 acc 0.81 998s
  seed 60 poet it 13/30 tasks 8 archive 11 annecs 8 acc 0.97 1033s
  seed 61 poet it 11/30 tasks 8 archive 12 annecs 12 acc 1.00 1040s
  seed 64 poet it 9/30 tasks 8 archive 18 annecs 12 acc 0.75 1126s
  seed 63 poet it 10/30 tasks 8 archive 14 annecs 10 acc 0.90 1137s
  seed 62 poet it 13/30 tasks 8 archive 10 annecs 6 acc 0.92 1145s
  seed 60 poet it 14/30 tasks 8 archive 11 annecs 11 acc 1.00 1156s
  seed 61 poet it 12/30 tasks 8 archive 18 annecs 12 acc 0.66 1157s
  seed 60 poet it 15/30 tasks 8 archive 19 annecs 11 acc 0.60 1279s
  seed 63 poet it 11/30 tasks 8 archive 14 annecs 12 acc 0.93 1292s
  seed 61 poet it 13/30 tasks 8 archive 18 annecs 13 acc 0.94 1292s
  seed 64 poet it 10/30 tasks 8 archive 18 annecs 13 acc 0.92 1299s
  seed 62 poet it 14/30 tasks 8 archive 10 annecs 7 acc 0.96 1301s
  seed 60 poet it 16/30 tasks 8 archive 19 annecs 13 acc 0.91 1441s
  seed 61 poet it 14/30 tasks 8 archive 18 annecs 17 acc 0.99 1441s
  seed 63 poet it 12/30 tasks 8 archive 18 annecs 13 acc 0.81 1461s
  seed 62 poet it 15/30 tasks 8 archive 17 annecs 10 acc 0.70 1469s
  seed 64 poet it 11/30 tasks 8 archive 18 annecs 15 acc 0.96 1481s
  seed 61 poet it 15/30 tasks 8 archive 24 annecs 18 acc 0.66 1571s
  seed 60 poet it 17/30 tasks 8 archive 19 annecs 18 acc 0.98 1595s
  seed 62 poet it 16/30 tasks 8 archive 17 annecs 10 acc 0.83 1642s
  seed 63 poet it 13/30 tasks 8 archive 18 annecs 13 acc 0.89 1647s
  seed 64 poet it 12/30 tasks 8 archive 25 annecs 15 acc 0.63 1651s
  seed 61 poet it 16/30 tasks 8 archive 24 annecs 19 acc 0.95 1704s
  seed 60 poet it 18/30 tasks 8 archive 25 annecs 18 acc 0.69 1726s
  seed 62 poet it 17/30 tasks 8 archive 17 annecs 11 acc 0.92 1819s
  seed 63 poet it 14/30 tasks 8 archive 18 annecs 14 acc 0.96 1823s
  seed 64 poet it 13/30 tasks 8 archive 25 annecs 17 acc 0.85 1834s
  seed 61 poet it 17/30 tasks 8 archive 24 annecs 24 acc 0.99 1845s
  seed 60 poet it 19/30 tasks 8 archive 25 annecs 21 acc 0.95 1876s
  seed 61 poet it 18/30 tasks 8 archive 27 annecs 24 acc 0.89 1968s
  seed 63 poet it 15/30 tasks 8 archive 24 annecs 16 acc 0.73 1988s
  seed 62 poet it 18/30 tasks 8 archive 19 annecs 14 acc 0.87 1988s
  seed 64 poet it 14/30 tasks 8 archive 25 annecs 20 acc 0.95 2018s
  seed 60 poet it 20/30 tasks 8 archive 25 annecs 25 acc 0.98 2023s
  seed 61 poet it 19/30 tasks 8 archive 27 annecs 26 acc 0.98 2097s
  seed 62 poet it 19/30 tasks 8 archive 19 annecs 15 acc 0.92 2148s
  seed 60 poet it 21/30 tasks 8 archive 29 annecs 25 acc 0.66 2159s
  seed 63 poet it 16/30 tasks 8 archive 24 annecs 17 acc 0.85 2160s
  seed 64 poet it 15/30 tasks 8 archive 33 annecs 20 acc 0.51 2200s
  seed 61 poet it 20/30 tasks 8 archive 27 annecs 27 acc 0.99 2221s
  seed 60 poet it 22/30 tasks 8 archive 29 annecs 28 acc 0.97 2306s
  seed 62 poet it 20/30 tasks 8 archive 19 annecs 16 acc 0.96 2308s
  seed 63 poet it 17/30 tasks 8 archive 24 annecs 18 acc 0.92 2335s
  seed 61 poet it 21/30 tasks 8 archive 35 annecs 27 acc 0.52 2337s
  seed 64 poet it 16/30 tasks 8 archive 33 annecs 20 acc 0.71 2350s
  seed 60 poet it 23/30 tasks 8 archive 29 annecs 28 acc 0.99 2444s
  seed 62 poet it 21/30 tasks 8 archive 21 annecs 17 acc 0.91 2464s
  seed 61 poet it 22/30 tasks 8 archive 35 annecs 30 acc 0.89 2465s
  seed 63 poet it 18/30 tasks 8 archive 25 annecs 20 acc 0.90 2506s
  seed 64 poet it 17/30 tasks 8 archive 33 annecs 21 acc 0.78 2546s
  seed 60 poet it 24/30 tasks 8 archive 31 annecs 29 acc 0.87 2566s
  seed 62 poet it 22/30 tasks 8 archive 21 annecs 17 acc 0.94 2617s
  seed 61 poet it 23/30 tasks 8 archive 35 annecs 32 acc 0.96 2619s
  seed 63 poet it 19/30 tasks 8 archive 25 annecs 21 acc 0.98 2670s
  seed 60 poet it 25/30 tasks 8 archive 31 annecs 29 acc 0.97 2676s
  seed 64 poet it 18/30 tasks 8 archive 37 annecs 22 acc 0.72 2749s
  seed 61 poet it 24/30 tasks 8 archive 37 annecs 34 acc 0.90 2763s
  seed 62 poet it 23/30 tasks 8 archive 21 annecs 18 acc 0.98 2770s
  seed 60 poet it 26/30 tasks 8 archive 31 annecs 31 acc 1.00 2799s
  seed 63 poet it 20/30 tasks 8 archive 25 annecs 23 acc 0.99 2826s
  seed 61 poet it 25/30 tasks 8 archive 37 annecs 35 acc 0.98 2900s
  seed 62 poet it 24/30 tasks 8 archive 24 annecs 20 acc 0.86 2922s
  seed 60 poet it 27/30 tasks 8 archive 33 annecs 31 acc 0.89 2922s
  seed 64 poet it 19/30 tasks 8 archive 37 annecs 24 acc 0.87 2962s
  seed 63 poet it 21/30 tasks 8 archive 31 annecs 23 acc 0.80 2978s
  seed 61 poet it 26/30 tasks 8 archive 37 annecs 36 acc 1.00 3023s
  seed 60 poet it 28/30 tasks 8 archive 33 annecs 31 acc 0.97 3038s
  seed 62 poet it 25/30 tasks 8 archive 24 annecs 20 acc 0.93 3074s
  seed 63 poet it 22/30 tasks 8 archive 31 annecs 24 acc 0.93 3142s
  seed 61 poet it 27/30 tasks 8 archive 43 annecs 36 acc 0.69 3142s
  seed 64 poet it 20/30 tasks 8 archive 37 annecs 24 acc 0.94 3160s
  seed 60 poet it 29/30 tasks 8 archive 33 annecs 32 acc 0.99 3163s
  seed 62 poet it 26/30 tasks 8 archive 24 annecs 21 acc 0.98 3231s
  seed 61 poet it 28/30 tasks 8 archive 43 annecs 39 acc 0.94 3260s
  seed 60 poet it 30/30 tasks 8 archive 38 annecs 33 acc 0.74 3291s
  seed 63 poet it 23/30 tasks 8 archive 31 annecs 28 acc 0.98 3300s
  seed 60 random it 1/30 tasks 4 archive 4 annecs 0 acc 0.79 3321s
  seed 64 poet it 21/30 tasks 8 archive 39 annecs 27 acc 0.87 3347s
  seed 62 poet it 27/30 tasks 8 archive 27 annecs 23 acc 0.87 3383s
  seed 60 random it 2/30 tasks 4 archive 4 annecs 1 acc 0.88 3399s
  seed 61 poet it 29/30 tasks 8 archive 43 annecs 41 acc 0.98 3399s
  seed 63 poet it 24/30 tasks 8 archive 34 annecs 28 acc 0.85 3449s
  seed 60 random it 3/30 tasks 8 archive 8 annecs 2 acc 0.75 3479s
  seed 64 poet it 22/30 tasks 8 archive 39 annecs 29 acc 0.95 3524s
  seed 62 poet it 28/30 tasks 8 archive 27 annecs 23 acc 0.93 3533s
  seed 61 poet it 30/30 tasks 8 archive 49 annecs 41 acc 0.77 3533s
  seed 61 random it 1/30 tasks 4 archive 4 annecs 0 acc 0.79 3564s
  seed 60 random it 4/30 tasks 8 archive 8 annecs 4 acc 0.86 3597s
  seed 63 poet it 25/30 tasks 8 archive 34 annecs 29 acc 0.93 3607s
  seed 61 random it 2/30 tasks 4 archive 4 annecs 1 acc 0.93 3641s
  seed 62 poet it 29/30 tasks 8 archive 27 annecs 26 acc 0.99 3686s
  seed 64 poet it 23/30 tasks 8 archive 39 annecs 29 acc 0.98 3688s
  seed 61 random it 3/30 tasks 8 archive 8 annecs 3 acc 0.75 3719s
  seed 60 random it 5/30 tasks 8 archive 8 annecs 6 acc 0.92 3747s
  seed 63 poet it 26/30 tasks 8 archive 34 annecs 29 acc 0.96 3760s
  seed 61 random it 4/30 tasks 8 archive 8 annecs 4 acc 0.87 3831s
  seed 62 poet it 30/30 tasks 8 archive 34 annecs 26 acc 0.65 3837s
  seed 64 poet it 24/30 tasks 8 archive 43 annecs 30 acc 0.77 3851s
  seed 62 random it 1/30 tasks 4 archive 4 annecs 0 acc 0.67 3869s
  seed 60 random it 6/30 tasks 8 archive 16 annecs 6 acc 0.52 3895s
  seed 63 poet it 27/30 tasks 8 archive 38 annecs 31 acc 0.85 3911s
  seed 62 random it 2/30 tasks 4 archive 4 annecs 0 acc 0.80 3953s
  seed 61 random it 5/30 tasks 8 archive 8 annecs 5 acc 0.90 3980s
  seed 60 random it 7/30 tasks 8 archive 16 annecs 6 acc 0.69 3999s
  seed 64 poet it 25/30 tasks 8 archive 43 annecs 32 acc 0.97 4030s
  seed 62 random it 3/30 tasks 8 archive 8 annecs 1 acc 0.67 4044s
  seed 63 poet it 28/30 tasks 8 archive 38 annecs 31 acc 0.93 4089s
  seed 61 random it 6/30 tasks 8 archive 16 annecs 5 acc 0.49 4132s
  seed 62 random it 4/30 tasks 8 archive 8 annecs 2 acc 0.83 4178s
  seed 60 random it 8/30 tasks 8 archive 16 annecs 7 acc 0.79 4182s
  seed 64 poet it 26/30 tasks 8 archive 43 annecs 33 acc 0.98 4195s
  seed 61 random it 7/30 tasks 8 archive 16 annecs 5 acc 0.72 4239s
  seed 63 poet it 29/30 tasks 8 archive 38 annecs 33 acc 0.97 4253s
  seed 62 random it 5/30 tasks 8 archive 8 annecs 5 acc 0.88 4349s
  seed 64 poet it 27/30 tasks 8 archive 48 annecs 34 acc 0.63 4356s
  seed 60 random it 9/30 tasks 8 archive 24 annecs 7 acc 0.48 4374s
  seed 63 poet it 30/30 tasks 8 archive 41 annecs 35 acc 0.89 4408s
  seed 61 random it 8/30 tasks 8 archive 16 annecs 8 acc 0.86 4420s
  seed 63 random it 1/30 tasks 4 archive 4 annecs 0 acc 0.76 4449s
  seed 60 random it 10/30 tasks 8 archive 24 annecs 7 acc 0.69 4483s
  seed 62 random it 6/30 tasks 8 archive 16 annecs 5 acc 0.50 4522s
  seed 63 random it 2/30 tasks 4 archive 4 annecs 2 acc 0.83 4538s
  seed 64 poet it 28/30 tasks 8 archive 48 annecs 36 acc 0.96 4547s
  seed 61 random it 9/30 tasks 8 archive 24 annecs 8 acc 0.52 4607s
  seed 63 random it 3/30 tasks 8 archive 8 annecs 2 acc 0.69 4630s
  seed 62 random it 7/30 tasks 8 archive 16 annecs 5 acc 0.84 4643s
  seed 60 random it 11/30 tasks 8 archive 24 annecs 7 acc 0.77 4669s
  seed 61 random it 10/30 tasks 8 archive 24 annecs 8 acc 0.75 4722s
  seed 64 poet it 29/30 tasks 8 archive 48 annecs 38 acc 0.98 4722s
  seed 63 random it 4/30 tasks 8 archive 8 annecs 2 acc 0.87 4763s
  seed 62 random it 8/30 tasks 8 archive 16 annecs 12 acc 0.95 4836s
  seed 60 random it 12/30 tasks 8 archive 32 annecs 7 acc 0.50 4867s
  seed 64 poet it 30/30 tasks 8 archive 53 annecs 38 acc 0.75 4894s
  seed 61 random it 11/30 tasks 8 archive 24 annecs 10 acc 0.83 4915s
  seed 63 random it 5/30 tasks 8 archive 8 annecs 5 acc 0.92 4926s
  seed 64 random it 1/30 tasks 4 archive 4 annecs 0 acc 0.80 4931s
  seed 60 random it 13/30 tasks 8 archive 32 annecs 8 acc 0.81 4984s
  seed 62 random it 9/30 tasks 8 archive 24 annecs 12 acc 0.48 5017s
  seed 64 random it 2/30 tasks 4 archive 4 annecs 2 acc 0.89 5019s
  seed 63 random it 6/30 tasks 8 archive 16 annecs 5 acc 0.49 5091s
  seed 64 random it 3/30 tasks 8 archive 8 annecs 3 acc 0.72 5105s
  seed 61 random it 12/30 tasks 8 archive 32 annecs 10 acc 0.51 5109s
  seed 62 random it 10/30 tasks 8 archive 24 annecs 12 acc 0.77 5123s
  seed 60 random it 14/30 tasks 8 archive 32 annecs 11 acc 0.90 5168s
  seed 63 random it 7/30 tasks 8 archive 16 annecs 6 acc 0.79 5198s
  seed 61 random it 13/30 tasks 8 archive 32 annecs 10 acc 0.81 5221s
  seed 64 random it 4/30 tasks 8 archive 8 annecs 3 acc 0.86 5225s
  seed 62 random it 11/30 tasks 8 archive 24 annecs 16 acc 0.88 5311s
  seed 60 random it 15/30 tasks 8 archive 40 annecs 11 acc 0.47 5352s
  seed 63 random it 8/30 tasks 8 archive 16 annecs 9 acc 0.89 5387s
  seed 64 random it 5/30 tasks 8 archive 8 annecs 3 acc 0.93 5391s
  seed 61 random it 14/30 tasks 8 archive 32 annecs 14 acc 0.92 5412s
  seed 60 random it 16/30 tasks 8 archive 40 annecs 11 acc 0.72 5481s
  seed 62 random it 12/30 tasks 8 archive 32 annecs 16 acc 0.50 5501s
  seed 64 random it 6/30 tasks 8 archive 16 annecs 3 acc 0.49 5559s
  seed 63 random it 9/30 tasks 8 archive 24 annecs 9 acc 0.51 5576s
  seed 61 random it 15/30 tasks 8 archive 40 annecs 14 acc 0.51 5597s
  seed 62 random it 13/30 tasks 8 archive 32 annecs 17 acc 0.80 5608s
  seed 64 random it 7/30 tasks 8 archive 16 annecs 3 acc 0.72 5673s
  seed 60 random it 17/30 tasks 8 archive 40 annecs 12 acc 0.84 5679s
  seed 63 random it 10/30 tasks 8 archive 24 annecs 9 acc 0.71 5705s
  seed 61 random it 16/30 tasks 8 archive 40 annecs 14 acc 0.78 5712s
  seed 62 random it 14/30 tasks 8 archive 32 annecs 19 acc 0.91 5800s
  seed 64 random it 8/30 tasks 8 archive 16 annecs 4 acc 0.81 5870s
  seed 60 random it 18/30 tasks 8 archive 48 annecs 12 acc 0.49 5886s
  seed 61 random it 17/30 tasks 8 archive 40 annecs 15 acc 0.92 5905s
  seed 63 random it 11/30 tasks 8 archive 24 annecs 9 acc 0.81 5909s
  seed 62 random it 15/30 tasks 8 archive 40 annecs 19 acc 0.51 5998s
  seed 60 random it 19/30 tasks 8 archive 48 annecs 12 acc 0.75 6024s
  seed 64 random it 9/30 tasks 8 archive 24 annecs 4 acc 0.50 6072s
  seed 61 random it 18/30 tasks 8 archive 48 annecs 15 acc 0.50 6097s
  seed 63 random it 12/30 tasks 8 archive 32 annecs 9 acc 0.52 6120s
  seed 62 random it 16/30 tasks 8 archive 40 annecs 19 acc 0.70 6135s
  seed 64 random it 10/30 tasks 8 archive 24 annecs 4 acc 0.81 6187s
  seed 61 random it 19/30 tasks 8 archive 48 annecs 16 acc 0.79 6217s
  seed 60 random it 20/30 tasks 8 archive 48 annecs 15 acc 0.82 6225s
  seed 63 random it 13/30 tasks 8 archive 32 annecs 9 acc 0.77 6245s
  seed 62 random it 17/30 tasks 8 archive 40 annecs 20 acc 0.83 6346s
  seed 64 random it 11/30 tasks 8 archive 24 annecs 7 acc 0.91 6381s
  seed 61 random it 20/30 tasks 8 archive 48 annecs 18 acc 0.89 6415s
  seed 60 random it 21/30 tasks 8 archive 56 annecs 15 acc 0.49 6433s
  seed 63 random it 14/30 tasks 8 archive 32 annecs 12 acc 0.89 6447s
  seed 62 random it 18/30 tasks 8 archive 48 annecs 20 acc 0.51 6567s
  seed 60 random it 22/30 tasks 8 archive 56 annecs 15 acc 0.80 6573s
  seed 64 random it 12/30 tasks 8 archive 32 annecs 7 acc 0.48 6576s
  seed 61 random it 21/30 tasks 8 archive 56 annecs 18 acc 0.49 6607s
  seed 63 random it 15/30 tasks 8 archive 40 annecs 12 acc 0.50 6646s
  seed 62 random it 19/30 tasks 8 archive 48 annecs 20 acc 0.74 6703s
  seed 64 random it 13/30 tasks 8 archive 32 annecs 8 acc 0.78 6707s
  seed 61 random it 22/30 tasks 8 archive 56 annecs 18 acc 0.79 7142s
  seed 63 random it 16/30 tasks 8 archive 40 annecs 12 acc 0.79 7179s
  seed 60 random it 23/30 tasks 8 archive 56 annecs 18 acc 0.90 7183s
  seed 64 random it 14/30 tasks 8 archive 32 annecs 10 acc 0.82 7344s
  seed 62 random it 20/30 tasks 8 archive 48 annecs 22 acc 0.87 7351s
  seed 61 random it 23/30 tasks 8 archive 56 annecs 19 acc 0.88 7390s
  seed 63 random it 17/30 tasks 8 archive 40 annecs 14 acc 0.89 7419s
  seed 60 random it 24/30 tasks 8 archive 64 annecs 18 acc 0.47 7422s
  seed 60 random it 25/30 tasks 8 archive 64 annecs 18 acc 0.74 7581s
  seed 64 random it 15/30 tasks 8 archive 40 annecs 10 acc 0.52 7583s
  seed 62 random it 21/30 tasks 8 archive 56 annecs 22 acc 0.47 7597s
  seed 61 random it 24/30 tasks 8 archive 64 annecs 19 acc 0.49 7614s
  seed 63 random it 18/30 tasks 8 archive 48 annecs 14 acc 0.51 7635s
  seed 64 random it 16/30 tasks 8 archive 40 annecs 10 acc 0.73 7698s
  seed 62 random it 22/30 tasks 8 archive 56 annecs 22 acc 0.76 7712s
  seed 61 random it 25/30 tasks 8 archive 64 annecs 19 acc 0.81 7722s
  seed 63 random it 19/30 tasks 8 archive 48 annecs 14 acc 0.74 7750s
  seed 60 random it 26/30 tasks 8 archive 64 annecs 21 acc 0.86 7756s
  seed 64 random it 17/30 tasks 8 archive 40 annecs 12 acc 0.83 7884s
  seed 62 random it 23/30 tasks 8 archive 56 annecs 23 acc 0.86 7896s
  seed 61 random it 26/30 tasks 8 archive 64 annecs 22 acc 0.90 7900s
  seed 63 random it 20/30 tasks 8 archive 48 annecs 16 acc 0.87 7934s
  seed 60 random it 27/30 tasks 8 archive 72 annecs 21 acc 0.46 7938s
  seed 60 random it 28/30 tasks 8 archive 72 annecs 21 acc 0.82 8065s
  seed 64 random it 18/30 tasks 8 archive 48 annecs 12 acc 0.48 8074s
  seed 61 random it 27/30 tasks 8 archive 72 annecs 22 acc 0.48 8076s
  seed 62 random it 24/30 tasks 8 archive 64 annecs 23 acc 0.52 8084s
  seed 63 random it 21/30 tasks 8 archive 56 annecs 16 acc 0.50 8124s
  seed 64 random it 19/30 tasks 8 archive 48 annecs 13 acc 0.81 8187s
  seed 62 random it 25/30 tasks 8 archive 64 annecs 23 acc 0.81 8190s
  seed 61 random it 28/30 tasks 8 archive 72 annecs 22 acc 0.75 8197s
  seed 60 random it 29/30 tasks 8 archive 72 annecs 25 acc 0.92 8252s
  seed 63 random it 22/30 tasks 8 archive 56 annecs 16 acc 0.78 8252s
  seed 62 random it 26/30 tasks 8 archive 64 annecs 27 acc 0.91 8365s
  seed 64 random it 20/30 tasks 8 archive 48 annecs 15 acc 0.88 8369s
  seed 61 random it 29/30 tasks 8 archive 72 annecs 25 acc 0.85 8386s
  seed 60 random it 30/30 tasks 8 archive 80 annecs 25 acc 0.52 8437s
seed 60 poet annecs 33 w 16 tr 9 | random annecs 25 w 16 | final-dist poet 0.776 random 0.496 n 8 | 8439s
  seed 63 random it 23/30 tasks 8 archive 56 annecs 20 acc 0.89 8446s
  seed 62 random it 27/30 tasks 8 archive 72 annecs 27 acc 0.49 8522s
  seed 64 random it 21/30 tasks 8 archive 56 annecs 15 acc 0.49 8537s
  seed 61 random it 30/30 tasks 8 archive 80 annecs 25 acc 0.52 8556s
seed 61 poet annecs 41 w 14 tr 5 | random annecs 25 w 16 | final-dist poet 0.798 random 0.000 n 8 | 8557s
  seed 63 random it 24/30 tasks 8 archive 64 annecs 20 acc 0.50 8607s
  seed 62 random it 28/30 tasks 8 archive 72 annecs 27 acc 0.78 8618s
  seed 64 random it 22/30 tasks 8 archive 56 annecs 16 acc 0.79 8634s
  seed 63 random it 25/30 tasks 8 archive 64 annecs 20 acc 0.78 8705s
  seed 62 random it 29/30 tasks 8 archive 72 annecs 30 acc 0.87 8765s
  seed 64 random it 23/30 tasks 8 archive 56 annecs 17 acc 0.89 8781s
  seed 63 random it 26/30 tasks 8 archive 64 annecs 22 acc 0.88 8852s
  seed 62 random it 30/30 tasks 8 archive 80 annecs 30 acc 0.48 8914s
seed 62 poet annecs 26 w 15 tr 7 | random annecs 30 w 16 | final-dist poet 0.687 random 0.193 n 8 | 8915s
  seed 64 random it 24/30 tasks 8 archive 64 annecs 17 acc 0.46 8926s
  seed 63 random it 27/30 tasks 8 archive 72 annecs 22 acc 0.49 8993s
  seed 64 random it 25/30 tasks 8 archive 64 annecs 17 acc 0.74 9011s
  seed 63 random it 28/30 tasks 8 archive 72 annecs 22 acc 0.75 9091s
  seed 64 random it 26/30 tasks 8 archive 64 annecs 19 acc 0.84 9145s
  seed 63 random it 29/30 tasks 8 archive 72 annecs 24 acc 0.87 9231s
  seed 64 random it 27/30 tasks 8 archive 72 annecs 19 acc 0.51 9279s
  seed 64 random it 28/30 tasks 8 archive 72 annecs 19 acc 0.80 9365s
  seed 63 random it 30/30 tasks 8 archive 80 annecs 24 acc 0.52 9371s
seed 63 poet annecs 35 w 16 tr 5 | random annecs 24 w 16 | final-dist poet 0.913 random 0.283 n 8 | 9373s
  seed 64 random it 29/30 tasks 8 archive 72 annecs 23 acc 0.86 9473s
  seed 64 random it 30/30 tasks 8 archive 80 annecs 23 acc 0.49 9575s
seed 64 poet annecs 38 w 15 tr 7 | random annecs 23 w 16 | final-dist poet 0.776 random 0.557 n 8 | 9577s
POOLED annecs {'poet': 35.0, 'random': 25.0} ratio 1.400 C1 4/5 C3 5/5 still_rising 5/5
VERDICT PASS {"C1": true, "C2": true, "C3": true}
DONE 9577s
